Hi 
Devops

Pravin@LAPTOP-L1RM78M4 MINGW64 ~
$ cd f/devops
bash: cd: f/devops: No such file or directory

Pravin@LAPTOP-L1RM78M4 MINGW64 ~
$ cd f;/devops
bash: cd: f: No such file or directory
bash: /devops: No such file or directory

Pravin@LAPTOP-L1RM78M4 MINGW64 ~
$ cd/f/devops
bash: cd/f/devops: No such file or directory

Pravin@LAPTOP-L1RM78M4 MINGW64 ~
$ cd/f/devops/
bash: cd/f/devops/: No such file or directory

Pravin@LAPTOP-L1RM78M4 MINGW64 ~
$ pwd
/c/Users/Pravin

Pravin@LAPTOP-L1RM78M4 MINGW64 ~
$ cd F:\Devops

Pravin@LAPTOP-L1RM78M4 MINGW64 /f/Devops (master)
$ git touch branch.txt
git: 'touch' is not a git command. See 'git --help'.

Pravin@LAPTOP-L1RM78M4 MINGW64 /f/Devops (master)
$ git touch sample.txt
git: 'touch' is not a git command. See 'git --help'.

Pravin@LAPTOP-L1RM78M4 MINGW64 /f/Devops (master)
$ git --help
usage: git [-v | --version] [-h | --help] [-C <path>] [-c <name>=<value>]
           [--exec-path[=<path>]] [--html-path] [--man-path] [--info-path]
           [-p | --paginate | -P | --no-pager] [--no-replace-objects] [--bare]
           [--git-dir=<path>] [--work-tree=<path>] [--namespace=<name>]
           [--config-env=<name>=<envvar>] <command> [<args>]

These are common Git commands used in various situations:

start a working area (see also: git help tutorial)
   clone     Clone a repository into a new directory
   init      Create an empty Git repository or reinitialize an existing one

work on the current change (see also: git help everyday)
   add       Add file contents to the index
   mv        Move or rename a file, a directory, or a symlink
   restore   Restore working tree files
   rm        Remove files from the working tree and from the index

examine the history and state (see also: git help revisions)
   bisect    Use binary search to find the commit that introduced a bug
   diff      Show changes between commits, commit and working tree, etc
   grep      Print lines matching a pattern
   log       Show commit logs
   show      Show various types of objects
   status    Show the working tree status

grow, mark and tweak your common history
   branch    List, create, or delete branches
   commit    Record changes to the repository
   merge     Join two or more development histories together
   rebase    Reapply commits on top of another base tip
   reset     Reset current HEAD to the specified state
   switch    Switch branches
   tag       Create, list, delete or verify a tag object signed with GPG

collaborate (see also: git help workflows)
   fetch     Download objects and refs from another repository
   pull      Fetch from and integrate with another repository or a local branch
   push      Update remote refs along with associated objects

'git help -a' and 'git help -g' list available subcommands and some
concept guides. See 'git help <command>' or 'git help <concept>'
to read about a specific subcommand or concept.
See 'git help git' for an overview of the system.

Pravin@LAPTOP-L1RM78M4 MINGW64 /f/Devops (master)
$ pwd
/f/Devops

Pravin@LAPTOP-L1RM78M4 MINGW64 /f/Devops (master)
$ ls
'Devops - Shortcut.lnk'*   Test.docx   Test2.docx

Pravin@LAPTOP-L1RM78M4 MINGW64 /f/Devops (master)
$ touch test3.txt

Pravin@LAPTOP-L1RM78M4 MINGW64 /f/Devops (master)
$ ls
'Devops - Shortcut.lnk'*   Test.docx   Test2.docx   test3.txt

Pravin@LAPTOP-L1RM78M4 MINGW64 /f/Devops (master)
$ git status
On branch master

No commits yet

Changes to be committed:
  (use "git rm --cached <file>..." to unstage)
        new file:   Test.docx
        new file:   Test2.docx

Untracked files:
  (use "git add <file>..." to include in what will be committed)
        Devops - Shortcut.lnk
        test3.txt


Pravin@LAPTOP-L1RM78M4 MINGW64 /f/Devops (master)
$ git add .

Pravin@LAPTOP-L1RM78M4 MINGW64 /f/Devops (master)
$ git status
On branch master

No commits yet

Changes to be committed:
  (use "git rm --cached <file>..." to unstage)
        new file:   Devops - Shortcut.lnk
        new file:   Test.docx
        new file:   Test2.docx
        new file:   test3.txt


Pravin@LAPTOP-L1RM78M4 MINGW64 /f/Devops (master)
$ git commit -m "New files added"
Author identity unknown

*** Please tell me who you are.

Run

  git config --global user.email "you@example.com"
  git config --global user.name "Your Name"

to set your account's default identity.
Omit --global to set the identity only in this repository.

fatal: unable to auto-detect email address (got 'Pravin@LAPTOP-L1RM78M4.(none)')

Pravin@LAPTOP-L1RM78M4 MINGW64 /f/Devops (master)
$ git config --global user.email "vishalimohan25@gmail.com"

Pravin@LAPTOP-L1RM78M4 MINGW64 /f/Devops (master)
$ git config --global user.name "Vishali"

Pravin@LAPTOP-L1RM78M4 MINGW64 /f/Devops (master)
$ git commit -m "new files added"
[master (root-commit) a79e345] new files added
 4 files changed, 0 insertions(+), 0 deletions(-)
 create mode 100644 Devops - Shortcut.lnk
 create mode 100644 Test.docx
 create mode 100644 Test2.docx
 create mode 100644 test3.txt

Pravin@LAPTOP-L1RM78M4 MINGW64 /f/Devops (master)
$ git status
On branch master
nothing to commit, working tree clean

Pravin@LAPTOP-L1RM78M4 MINGW64 /f/Devops (master)
$ git remote add origin https://github.com/vishalimoh/Branching
error: remote origin already exists.

Pravin@LAPTOP-L1RM78M4 MINGW64 /f/Devops (master)
$ git push -u origin master
info: please complete authentication in your browser...
Enumerating objects: 5, done.
Counting objects: 100% (5/5), done.
Delta compression using up to 12 threads
Compressing objects: 100% (4/4), done.
Writing objects: 100% (5/5), 10.89 KiB | 2.18 MiB/s, done.
Total 5 (delta 0), reused 0 (delta 0), pack-reused 0
To https://github.com/vishalimoh/TestDevops.git
 * [new branch]      master -> master
branch 'master' set up to track 'origin/master'.

Pravin@LAPTOP-L1RM78M4 MINGW64 /f/Devops (master)
$ git pull
remote: Enumerating objects: 5, done.
remote: Counting objects: 100% (5/5), done.
remote: Compressing objects: 100% (2/2), done.
remote: Total 3 (delta 1), reused 0 (delta 0), pack-reused 0
Unpacking objects: 100% (3/3), 641 bytes | 4.00 KiB/s, done.
From https://github.com/vishalimoh/TestDevops
   a79e345..cddab87  master     -> origin/master
Updating a79e345..cddab87
Fast-forward
 test3.txt | 2 ++
 1 file changed, 2 insertions(+)

Pravin@LAPTOP-L1RM78M4 MINGW64 /f/Devops (master)
$

